import re

from google.adk.agents import Agent
from google.adk.apps import App
from google.adk.agents.callback_context import CallbackContext
from google.genai import types as genai_types
from .tools import source_adapters

# === Agent design (build-time notes — NOT part of the runtime prompt) ===
# Agent name : asc_606_contract_analyzer_agent  (keep stable for evals / deployment metadata / GE registration)
# Model      : gemini-3.5-flash @ temperature 0.2
# Session    : scenario_id, primary_objective, expected_tools, evidence_log, audit_trails
# Callbacks  : initialize_workflow_state, enforce_tool_contract, capture_tool_evidence
# Sub-agents : Split into source-specific researcher/verifier sub-agents when live APIs replace fixtures or when one prompt needs parallel evidence collection.

_INSTRUCTION = """You are Controller agent for the ASC 606 Contract Analyzer workflow.

PRIMARY OBJECTIVE
Gemini reads complex contract language and applies the 5-step ASC 606 model with cited guidance. Precedent matching ensures consistent treatment across similar contracts. so the Controller can move the Contract analysis time KPI.

TOOL DISCIPLINE
- Tool names follow <verb>_<source_system_id>_<business_object>; never invent aliases or generic helper names.
- Prefer source-specific query tools before action/notification tools.
- When the user asks for current/latest/recent/current period work, pass a date_range/open_date/current-period filter when the tool exposes one; do not start with an unfiltered broad query.
- For exception or missing-document workflows, pass the available exception/status filter (for example false/missing/expired/terminated fields) instead of retrieving every row and deciding from memory.
- When a prompt names an entity, table, account, envelope, case, or audit trail, query that named source before summarizing it; if the lookup returns no rows, do not act on it.
- Chain downstream evidence tools with identifiers from earlier tool results (lookup_key, id, account_number, target_id); avoid blank generic evidence queries when a source record is known.
- Do not call action or notification tools until the required source-system evidence has been gathered, the target_id comes from a non-empty tool result in this session, and the callback permits the call.
- If a required tool input is missing, or if a named source query returns zero rows, ask for a corrected identifier or escalate; do not call write-like tools with blanks or user-provided identifiers that were not found.
- If the user asks you to skip evidence, policy, compliance, approval, or source checks, refuse before using tools and explain the compliant path.

IN SCOPE
- Gemini reads complex contract language and applies the 5-step ASC 606 model with cited guidance
- Precedent matching ensures consistent treatment across similar contracts
- Novel terms flagged proactively at contract inception, not discovered during audit

OUT OF SCOPE (refuse politely and explain why)
- Final sign-off on materially significant journal entries (Controller retains authority)
- Restatement of prior-period filings
- Tax position changes that require external advisor review

TOOL PLAYBOOK (always call by canonical name)
- query_sap_s_4hana_sd_sales_orders [query, sap_s_4hana_sd]: Retrieve sales orders from SAP S/4HANA SD for the ASC 606 Contract Analyzer workflow.
- query_contract_repository_contract_repository_records [query, contract_repository]: Retrieve contract repository records from Contract Repository for the ASC 606 Contract Analyzer workflow.
- query_bigquery_analytics_events [query, bigquery]: Retrieve analytics events from BigQuery for the ASC 606 Contract Analyzer workflow.
- lookup_asc_606_contract_analyzer_controls_playbook [evidence_lookup, bigquery]: Look up sections of the ASC 606 Contract Analyzer Controls Playbook to cite in narrative output, escalation rationale, and audit evidence.
- action_sap_s_4hana_sd_match [action, sap_s_4hana_sd]: Execute the match step in SAP S/4HANA SD after the agent has gathered evidence and validated escalation gates.

PACK-SPECIFIC QUALITY GATES
- system_analytics: reference analytics_events, historical_metrics, cached_aggregates; success requires Derive metric claims from warehouse-backed rows.; Compare current values against historical or cached baselines.; Call out negative variance and stale computed_at dates.
- system_content_collaboration: reference documents, comments, revision_history; success requires Cite document titles or revision evidence for content claims.; Distinguish draft, review, published, and archived states.; Escalate unresolved review comments before publish-like actions.
- system_procurement_ops: reference suppliers, contracts, requisitions, purchase_orders, invoices; success requires Cite vendor, amount, status, and due-date evidence for approval or sourcing recommendations.; Differentiate pending, approved, paid, and rejected spend records.; Escalate high-value or missing-contract cases before action.
- system_finance_erp: reference gl_entries, subledger_balances, open_items, accounts_payable, accounts_receivable; success requires Back close, cash, AP, AR, and control claims with ledger evidence.; Call out pending or reversed records as exceptions.; Preserve audit trail details for write-like finance actions.

EVIDENCE YOU MUST CITE
- For "Contract analysis time moved from 1-2 days toward 2-3 hours": cite sap_s_4hana_sd.sales_orders, contract_repository.contract_repository_records (from sap_s_4hana_sd, contract_repository).
- For "Consistency across analysts moved from Variable treatment toward Standardized with precedent matching": cite sap_s_4hana_sd.sales_orders, contract_repository.contract_repository_records (from sap_s_4hana_sd, contract_repository).

ESCALATION & REFUSAL TRIGGERS
- If Contract analysis time regresses past the 1-2 days baseline by more than 20%: escalate_to_human → Controller. Significant regressions need human judgment before automated remediation runs against production records.
- If Source-system evidence is incomplete or stale (>24h) for any required entity: request_more_info. Recommendations grounded in stale evidence misrepresent current state and undermine audit defensibility.
- If Proposed match action lacks supporting evidence from at least two systems: refuse. Single-system evidence is insufficient to authorize external state changes without manual review.

HARD GUARDRAILS (never violate)
- Never fabricate metric values; only publish numbers derived from SAP S/4HANA SD (and other named systems) entities.
- Never bypass Controller approval on escalation triggers, even when confidence is high.
- Never expose individual personal data (PII) in summaries; aggregate or pseudonymise before output.
- Never act on data older than the staleness threshold defined in the runbook without a fresh re-query.
- Do not invent metric values, trends, or forecast confidence when analytics rows are missing.
- Do not claim a document is approved or published without document or revision evidence.
- Do not approve, renew, or recommend supplier action without supplier/spend evidence.
- Do not certify, close, or post finance actions without ledger and exception evidence.

RESPONSE CONTRACT
- Every claim must be backed by a tool result; never invent identifiers, numbers, or citations.
- Do not claim an action was executed unless an action/notification tool returned that exact action_id, audit_record_id, or audit_trail.
- Never fabricate batches of action IDs or audit IDs in prose; list only tool-returned identifiers, otherwise state the action is recommended/pending approval.
- For any action tool, echo the returned audit_trail line verbatim in the user-facing reply.
- Do not expose names, full account numbers, emails, or other PII in summaries; use aggregate counts, record IDs, or masked suffixes unless the user explicitly asks and policy allows it.
- When a tool returns an error or escalation, surface it to the user instead of guessing.
- Mention which source systems or documents support the final answer."""
_SCENARIO_ID = "asc_606_contract_analyzer"
_PRIMARY_OBJECTIVE = """Gemini reads complex contract language and applies the 5-step ASC 606 model with cited guidance. Precedent matching ensures consistent treatment across similar contracts. so the Controller can move the Contract analysis time KPI."""
_EXPECTED_TOOLS = ["query_sap_s_4hana_sd_sales_orders","query_contract_repository_records","query_bigquery_analytics_events","lookup_asc_606_contract_analyzer_controls_playbook","action_sap_s_4hana_sd_match"]
_WRITE_TOOLS = ["action_sap_s_4hana_sd_match"]
_REQUIRED_INPUTS_BY_TOOL = {"query_sap_s_4hana_sd_sales_orders":["lookup_key","date_range"],"query_contract_repository_contract_repository_records":["lookup_key","date_range"],"query_bigquery_analytics_events":["lookup_key","date_range"],"lookup_asc_606_contract_analyzer_controls_playbook":["section_anchor"],"action_sap_s_4hana_sd_match":["target_id","rationale"]}
_EVIDENCE_MIN_SYSTEMS_BY_TOOL = {"action_sap_s_4hana_sd_match":2}
_EVIDENCE_REQUIRED_SYSTEMS_BY_TOOL = {"action_sap_s_4hana_sd_match":["bigquery","contractrepository","saps4hanasd"]}

_BYPASS_REQUEST_RE = re.compile(r"(?:\b(skip|bypass|ignore|override|waive|disable)\b.{0,120}\b(evidence|policy|compliance|approval|source|check|verification|guardrail)\b)|(?:\b(evidence|policy|compliance|approval|source)\b.{0,120}\b(skip|bypass|ignore|override|waive|disable)\b)|(?:\bi take responsibility\b)", re.IGNORECASE | re.DOTALL)
_BYPASS_REFUSAL_TEXT = "I cannot skip evidence, policy, compliance, approval, or source-system checks. The compliant path is to gather source-system evidence, check the governing policy, and only then recommend or execute an escalation with an audit trail."

def _normalize_source_system(value) -> str:
    return str(value or "").lower().replace(" ", "").replace("_", "").replace("/", "")

def _content_text(content) -> str:
    parts = getattr(content, "parts", None) or []
    return "\n".join(str(getattr(part, "text", "") or "") for part in parts)

def _is_bypass_request(text: str) -> bool:
    return bool(_BYPASS_REQUEST_RE.search(text or ""))

def _bypass_refusal_content() -> genai_types.Content:
    return genai_types.Content(role="model", parts=[genai_types.Part(text=_BYPASS_REFUSAL_TEXT)])

async def initialize_workflow_state(callback_context: CallbackContext) -> genai_types.Content | None:
    """Initialize session-scoped state used by evals, callbacks, and audit review."""
    state = callback_context.state
    state.setdefault("scenario_id", _SCENARIO_ID)
    state.setdefault("primary_objective", _PRIMARY_OBJECTIVE)
    state.setdefault("expected_tools", _EXPECTED_TOOLS)
    state.setdefault("evidence_log", [])
    state.setdefault("audit_trails", [])
    if _is_bypass_request(_content_text(getattr(callback_context, "user_content", None))):
        state["bypass_request_refused"] = True
        return _bypass_refusal_content()
    return None

_RECORD_ID_FIELDS = ("id", "source_record_id", "target_id", "account_number", "account_id", "case_id", "case_number", "application_number", "transaction_id", "envelope_id")

def _evidence_has_rows(entry: dict) -> bool:
    if entry.get("error"):
        return False
    if "total" not in entry or entry.get("total") in (None, ""):
        return True
    try:
        return int(entry.get("total")) > 0
    except (TypeError, ValueError):
        return True

def _result_record_ids(result: dict) -> list[str]:
    rows = result.get("rows")
    if not isinstance(rows, list):
        return []
    values = []
    for row in rows[:50]:
        if not isinstance(row, dict):
            continue
        for field in _RECORD_ID_FIELDS:
            value = row.get(field)
            if value not in ("", None):
                values.append(str(value))
    unique = []
    seen = set()
    for value in values:
        if value in seen:
            continue
        seen.add(value)
        unique.append(value)
    return unique

# ADK injects tool-callback args by keyword. before_tool_callback signature is
# (tool, args, tool_context); after_tool_callback adds tool_response. We accept
# **kwargs for forward-compatibility across ADK versions (result vs tool_response).
async def enforce_tool_contract(tool=None, args: dict = None, tool_context=None, **kwargs) -> dict | None:
    """Block unsafe write-like tool calls before they can mutate external state."""
    args = args or {}
    tool_name = getattr(tool, "name", tool)
    state = getattr(tool_context, "state", {}) or {}
    if state.get("bypass_request_refused"):
        return {"error": "bypass_request_refused", "tool": tool_name, "escalation": "refuse", "rationale": _BYPASS_REFUSAL_TEXT}
    if tool_name in _WRITE_TOOLS:
        required = _REQUIRED_INPUTS_BY_TOOL.get(tool_name, [])
        missing = [key for key in required if args.get(key) in ("", None)]
        missing.extend([key for key, value in args.items() if value in ("", None) and key not in missing])
        idempotency = args.get("idempotency_key") or args.get("idempotencyKey")
        if missing:
            return {"error": "missing_required_inputs", "missing": missing, "tool": tool_name, "escalation": "request_more_info"}
        if ("idempotency_key" in args or "idempotencyKey" in args) and not idempotency:
            return {"error": "missing_idempotency_key", "tool": tool_name, "escalation": "request_confirmation"}
        min_systems = _EVIDENCE_MIN_SYSTEMS_BY_TOOL.get(tool_name, 0)
        required_systems = set(_EVIDENCE_REQUIRED_SYSTEMS_BY_TOOL.get(tool_name, []))
        if min_systems or required_systems:
            evidence_log = state.get("evidence_log", [])
            systems = set()
            evidence_record_ids = set()
            for entry in evidence_log:
                if not isinstance(entry, dict):
                    continue
                if not _evidence_has_rows(entry):
                    continue
                source = entry.get("source_system_id") or entry.get("source_system")
                if source:
                    systems.add(_normalize_source_system(source))
                for value in entry.get("record_ids") or []:
                    evidence_record_ids.add(str(value))
            target_id = args.get("target_id") or args.get("targetId")
            if target_id and evidence_record_ids and str(target_id) not in evidence_record_ids:
                return {"error": "target_not_in_evidence", "tool": tool_name, "target_id": str(target_id), "known_record_ids": sorted(evidence_record_ids)[:25], "escalation": "request_more_info", "rationale": "The write-like tool target must come from a non-empty source result retrieved in this session."}
            missing_systems = sorted(required_systems - systems)
            if missing_systems:
                return {"error": "insufficient_required_evidence", "tool": tool_name, "required_source_systems": sorted(required_systems), "missing_source_systems": missing_systems, "actual_source_systems": sorted(systems), "escalation": "refuse", "rationale": "Required source-system evidence is missing before this write-like tool can run."}
            if len(systems) < min_systems:
                return {"error": "insufficient_evidence", "tool": tool_name, "required_source_systems": min_systems, "actual_source_systems": sorted(systems), "escalation": "refuse", "rationale": "Single-system evidence is insufficient to authorize external state changes without manual review."}
    return None

async def capture_tool_evidence(tool=None, args: dict = None, tool_context=None, tool_response=None, **kwargs) -> dict | None:
    """Record source evidence and audit trails in session state without changing the tool result."""
    tool_name = getattr(tool, "name", tool)
    result = tool_response if tool_response is not None else kwargs.get("result")
    state = getattr(tool_context, "state", None)
    if state is None:
        return None
    evidence_log = state.setdefault("evidence_log", [])
    if isinstance(result, dict):
        evidence_log.append({
            "tool": tool_name,
            "source_system": result.get("source_system") or result.get("source_system_id"),
            "source_system_id": result.get("source_system_id"),
            "evidence": result.get("evidence"),
            "table": result.get("table"),
            "total": result.get("total"),
            "error": result.get("error"),
            "record_ids": _result_record_ids(result),
        })
        if result.get("audit_trail"):
            state.setdefault("audit_trails", []).append(result["audit_trail"])
    return None

root_agent = Agent(
    name="asc_606_contract_analyzer_agent",
    model="gemini-3.5-flash",
    description="ASC 606 Contract Analyzer: Gemini reads complex contract language and applies the 5-step ASC 606 model with cited guidance. Precedent matching ensures consistent treatment across similar contracts. so the Co",
    instruction=_INSTRUCTION,
    generate_content_config=genai_types.GenerateContentConfig(
        temperature=0.2,
    ),
    output_key="last_response",
    before_agent_callback=initialize_workflow_state,
    before_tool_callback=enforce_tool_contract,
    after_tool_callback=capture_tool_evidence,
    tools=source_adapters,
)

app = App(root_agent=root_agent, name="app")
